1=stone,cookedstone,smoothstone
2=grass,grassblock,blockgrass
3=dirt
4=cobblestone,stonebrick,cobble,cobblebrick,brickcobble
5=wood,planks,woodblock,blockwood
6=sapling
7=bedrock,adminium
8=water,blockwater,waterblock
9=watermoving,movingwater,waterflowing,flowingwater
10=lava,lavablock,blocklava
11=lavamoving,movinglava,lavaflowing,flowinglava
12=sand
13=gravel
14=oreGold,goldore
15=oreIron,ironore
16=oreCoal,coalore
17=log
18=leavesblock,leafblock,blockleaves,blockleaf,leaves
19=sponge
20=glass,glassblock,blockglass
21=oreLapis,lapisore
22=blockLapis,lapisblock
23=dispenser
24=sandStone
25=musicBlock,noteblock,soundblock
26=bedblock,blockbed
27=goldenRail,poweredrail,railpowered
28=detectorRail,raildetector
29=pistonStickyBase,stickypiston,pistonsticky
30=web,cobweb
31_1=tallgrass,grasstall,longgrass,grasslong
31_2=fern,tallgrassfern
32=deadbush,deadtree,deadsapling,saplingdead,treedead,bushdead
33=pistonBase,piston
35=cloth,wool,clothblock,woolblock
35_15=BlackWool,WoolBlack,BlackCloth,ClothBlack
35_11=BlueWool,WoolBlue,BlueCloth,ClothBlue
35_12=BrownWool,WoolBrown,BrownCloth,ClothBrown
35_9=CyanWool,WoolCyan,CyanCloth,ClothCyan
35_7=GrayWool,WoolGray,GrayCloth,ClothGray
35_13=GreenWool,WoolGreen,GreenCloth,ClothGreen
35_3=LightBlueWool,WoolLightBlue,LightBlueCloth,ClothLightBlue
35_5=LimeWool,WoolLime,LimeCloth,ClothLime
35_2=MagentaWool,WoolMagenta,MagentaCloth,ClothMagenta
35_1=OrangeWool,WoolOrange,OrangeCloth,ClothOrange
35_6=PinkWool,WoolPink,PinkCloth,ClothPink
35_10=PurpleWool,WoolPurple,PurpleCloth,ClothPurple
35_14=RedWool,WoolRed,RedCloth,ClothRed
35_8=LightGrayWool,WoolLightGray,LightGrayCloth,ClothLightGray
35_0=WoolWhite,WhiteWool,WoolCloth,ClothWool
35_4=YellowWool,WoolYellow,YellowCloth,ClothYellow
37=flower,yellowflower,floweryellow,dandelion
38=rose,redflower,flowerred
39=mushroom,brownmushroom,mushroombrown
40=redmushroom,mushroomred
41=blockgold,goldblock
42=blockiron,ironblock
43_0=stoneslabdouble,doublestoneslab
43_1=sandstoneslabdouble,doublesandstoneslab
43_2=woodenslabdouble,doublewoodenslab
43_3=cobblestoneslabdouble,doublecobblestoneslab
43_4=brickslabdouble,doublebrickslab
43_5=stonebrickslabdouble,doublestonebrickslab
44_0=stoneslab
44_1=sandstoneslab
44_2=woodenslab
44_3=cobblestoneslab
44_4=brickslab
44_5=stonebrickslab
45=bricks,brickblock,blockbrick,bricksblock,blockbricks
46=tnt
47=bookshelf,bookblock,blockbook,bookshelfblock,blockbookshelf
48=stoneMoss,mossycobble,cobblemossy,mossycobblestone,mossystone,stonemossy,cobblestonemossy,mossstone
49=obsidian
50=torch
51=fire,flames,fireblock
52=mobSpawner,spawner
53=stairsWood,woodstairs,woodenstairs,stairswooden,woodstair,stairwood,woodenstair,stairwooden
54=chest,chestblock,blockchest
55=blockredstonedust,redstonedustblock,redstonedusttrail,trailredstonedust
56=oreDiamond,diamondore
57=blockdiamond,diamondblock
58=workbench
59=crops,wheatcrop,cropwheat,cropblock,blockcrop
60=farmland,soil,tilledsoil,tilleddirt,dirttilled,soiltilled
61=furnace,smelt,furnaceidle,furnaceoff
62=furnaceburning,furnaceactive,furnaceon
63=signblock,blocksign
64=wooddoorblock,doorwoodblock,blockdoorwood,blockwooddoor,blockdoorwooden,blockwoodendoor,woodendoorblock
65=ladder,woodladder,ladderwood
66=rail
67=stairsStone,stonestairs,stonestair
68=wallsign,signonwall
69=lever
70=pressurePlate,pressureplatestone,stonepressureplate
71=doorIron,irondoorblock,blockirondoor
72=pressurePlateWood,woodpressureplate,woodenpressureplate,pressureplatewooden
73=oreRedstone,redstoneore
74=glowingredstoneore,redstoneoreglowing,oreredstoneglowing,glowingoreredstone
75=redstonetorchoff,redtorchoff,notgateoff
76=notGate,redstonetorch,redtorch,redstonetorchon,redtorchon
77=button,tile.button,blockbutton,buttonblock
78_0=snow0,snowcover,coveredsnow,groundsnow
78_1=snow1
78_2=snow2
78_3=snow3
78_4=snow4
78_5=snow5
78_6=snow6
78_7=snow7
79=ice,iceblock,blockice
80=snow,snowblock,blocksnow
81=cactus,cactusblock,blockcactus
82=blockclay,clayblock
83=reedsblock,blockreeds,reedblock,blockreed,bambooblock,blockbamboo,sugarcaneblock,blocksugarcane
84=jukebox,recordplayer,musicplayer
85=fence
86=pumpkin
87=hellrock,netherrack,netherack,netherock
88=hellsand,soulsand
89=lightgem,glowstone,glowstoneblock,blockglowstone,glowblock
90=portal,portalmaterial
91=litpumpkin,pumpkinlit,jackolantern
92=blockcake,cakeblock
93=repeateroff
94=repeateron
95=lockedchest
96=trapdoor
98=stonebricksmooth,stonebricks,stonebrick
99=hugebrownmushroom,brownmushroomhuge
100=hugeredmushroom,redmushroomhuge
101=fenceIron,ironfence,ironbar,bariron,ironbars,barsiron
102=thinGlass,glasspane,glasswindow,paneglass,windowglass
103=melon,melonblock,blockmelon,wholemelon,melonwhole
104=pumpkinstem,pumpkinvine
105=melonstem,melonvine
106=vine,vines
107=fenceGate,gatefence,gate
108=stairsbrick,brickstairs
109=stairsStoneBrickSmooth,stonebrickstairs
110=mycel,mycelium,mushroomdirt,mushroomsoil
111=waterlily,lilypad
112=netherBrick,bricknether
113=netherFence,fencenether
114=stairsNetherBrick,stairsnether,netherstair
115=netherStalk,netherwartblock,blocknetherwart
116=enchantmentTable,enchanter,tableenchantment
117=brewingstandblock,blockbrewingstand
118=cauldronblock,blockcauldron
120=endportalframe
121=whiteStone,endstone,enderstone,stonewhite
122=dragonEgg,eggdragon
256=shovelIron,ironshovel,ironspade,spadeiron
257=pickaxeIron,ironpickaxe,pickiron,ironpick
258=hatchetIron,ironhatchet,axeiron,ironaxe
259=flintAndSteel,lighter
260=apple,applered,redapple
261=bow
262=arrow
263_0=coal
263_1=charcoal
264=diamond
265=ingotIron,ironingot
266=ingotGold,goldingot
267=swordIron,ironsword
268=swordWood,woodsword,swordwooden,woodensword
269=shovelWood,woodshovel,spadewood,woodspade,shovelWooden,woodenshovel,spadewooden,woodenspade
270=pickaxeWood,woodpickaxe,pickwood,woodpick,pickaxewooden,woodenpickaxe,pickwooden,woodenpick
271=hatchetWood,woodhatchet,axewood,woodaxe,hatchetwooden,woodenhatchet,axewooden,woodenaxe
272=swordStone,stonesword
273=shovelStone,stoneshovel,spadestone,stonespade
274=pickaxeStone,stonepickaxe,pickstone,stonepick
275=hatchetStone,stonehatchet,axestone,stoneaxe
276=swordDiamond,diamondsword
277=shovelDiamond,diamondshovel,spadediamond,diamondspade
278=pickaxeDiamond,diamondpickaxe,pickdiamond,diamondpick
279=hatchetDiamond,diamondhatchet,axediamond,diamondaxe
280=stick,woodenstick
281=bowl,woodenbowl,woodbowl,bowlwood,bowlwooden
282=mushroomStew,mushroomsoup,soupmushroom,stewmushroom
283=swordGold,goldsword
284=shovelGold,goldshovel,spadegold,goldspade
285=pickaxeGold,goldpickaxe,pickgold,goldpick
286=hatchetGold,goldhatchet
287=string,silk
288=feather
289=sulphur,gunpowder
290=hoeWood,woodhoe,hoewooden,woodenhoe
291=hoeStone,stonehoe
292=hoeIron,ironhoe
293=hoeDiamond,diamondhoe,hoediamond
294=hoeGold,goldhoe
295=seeds,wheatseeds
296=wheat
297=bread
298=helmetleather,leatherhelmet,leatherhelm,helmleather,leathercap,capleather
299=chestplateleather,leatherchestplate,breastplateleather,leatherbreastplate,leathertunic,tunicleather
300=leggingsleather,leatherleggings,legsleather,leatherlegs,leatherpants,pantsleather
301=bootsleather,leatherboots
302=helmetChain,chainhelmet,chainhelm,helmchain
303=chestplatechain,chainchestplate,chainbreastplate,breastplatechain
304=leggingsChain,chainleggings,chainlegs,legschain
305=bootschain,chainboots
306=helmetIron,ironhelmet,helmiron,ironhelm
307=chestplateIron,ironchestplate,breastplateiron,ironbreastplate
308=leggingsIron,ironleggings,legsiron,ironlegs
309=bootsIron,ironboots
310=helmetDiamond,diamondhelmet,helmdiamond,diamondhelm
311=chestplateDiamond,diamondchestplate,breastplatediamond,diamondbreastplate
312=leggingsDiamond,diamondleggings,legsdiamond,diamondlegs
313=bootsDiamond,diamondboots
314=helmetGold,goldhelmet,helmgold,goldhelm
315=chestplateGold,goldchestplate,breastplategold,goldbreastplate
316=leggingsGold,goldleggings,legsgold,goldlegs
317=bootsGold,goldboots
318=flint
319=porkchopRaw,rawporkchop,porkraw,rawpork,porkuncooked,uncookedpork,porkchopuncooked,uncookedporkchop
320=porkchopCooked,cookedporkchop,porkcooked,cookedpork
321=painting
322=appleGold,goldapple,goldenapple,applegolden
323=sign,itemsign,signitem
324=doorWood,wooddoor,woodendoor,doorwooden
325=bucket,bukkit,ironbucket,bucketiron
326=bucketWater,waterbucket
327=bucketLava,lavabucket
328=minecart
329=saddle,leathersaddle
330=doorIron,irondoor,irondooritem,itemirondoor
331=redstone,redstonedust,dustred,reddust,dustredstone
332=snowball,snowitem,itemsnow
333=boat
334=leather,leatherhide
335=milk,milkbucket,bucketmilk
336=brick,itembrick,brickitem
337=clay,itemclay,clayitem
338=reeds,bamboo,sugarcane,reed
339=paper
340=book
341=slimeball
342=minecartChest
343=minecartFurnace
344=egg,eggchicken,chickenegg,chookegg,eggchook
345=compass
346=fishingRod,rodfishing
347=clock,pocketclock,pocketwatch
348=yellowDust,glowstonedust,dustglowstone,glowdust
349=fishRaw,rawfish,fish,uncookedfish,fishuncooked
350=fishCooked,cookedfish
351_0=inkdye,dyeink,inkblackdye,dyeinkblack,blackdye,dyeblack,inkblack
351_4=lapis,lapislazuli,lapisdye,dyelapis,lapisbluedye,dyelapisblue,bluedye,dyeblue,lapisblue
351_3=cocoabeans,cocoadye,dyecocoa,cocoabrowndye,dyecocoabrown,browndye,dyebrown,cocoabrown
351_6=cyandye,dyecyan
351_8=greydye,dyegrey,graydye,dyegray
351_2=cactusdye,dyecactus,cactusgreendye,dyecactusgreen,greendye,dyegreen,cactusgreen
351_12=lightbluedye,dyelightblue
351_10=limedye,dyelime
351_13=magentadye,dyemagenta
351_14=orangedye,dyeorange
351_9=pinkdye,dyepink
351_5=purpledye,dyepurple
351_1=rosedye,dyerose,rosereddye,dyerosered,reddye,dyered,rosered
351_7=lightgreydye,dyelightgrey,lightgraydye,dyelightgray
351_15=bonemeal,bonedye,dyebone,bonewhitedye,dyebonewhite,whitedye,dyewhite,bonewhite
351_11=dandeliondye,dyedandelion,dandelionyellowdye,dyedandelionyellow,yellowdye,dyeyellow,dandelionyellow
352=bone
353=sugar
354=cake,cakeitem,itemcake
355=bed,itembed,beditem
356=diode,redstonerepeater,repeater
357=cookie,OMNOMNOMNOM
358=map
359=shears
360=melonpiece,piecemelon,melonitem,itemmelon
361=seeds_pumpkin,pumpkinseeds,seedspumpkin
362=seeds_melon,melonseeds,seedsmelon
363=beefRaw,rawbeef,beef,uncookedbeef,beefuncooked,steakuncooked,uncookedsteak
364=beefCooked,cookedbeef,steakcooked,cookedsteak,steak
365=chickenRaw,rawchicken,chicken,chickenuncooked,uncookedchicken
366=chickenCooked,cookedchicken,cookedchook,chookcooked
367=rottenFlesh,zombieflesh,zombiemeat,rottenmeat
368=enderPearl,pearlender
369=blazerod,rodblaze
370=ghastTear,tearghast
371=goldNugget,nuggetgold
372=netherStalkSeeds,nethwerwart,netherwartitem,itemnetherwart,netherwartseeds
373_0=waterbottle,bottlewater,potionwater
373_1=regenpotion,potionregen
373_2=swiftnesspotion,potionswiftness
373_3=fireresistpotion,potionfireresist
373_4=poisonpotion,potionpoison
373_5=healingpotion,potionhealing
373_6=clearpotion,potionclear
373_7=clear2potion,potionclear2
373_8=weaknesspotion,potionweakness
373_9=strengthpotion,potionstrength
373_10=slowpotion,potionslow
373_11=diffusepotion,potiondiffuse
373_12=harmpotion,potionharm
373_16=awkwardpotion,potionawkward
374=glassBottle,bottle,bottleglass
375=spiderEye,eyespider
376=fermentedSpiderEye,spidereyefermented
377=blazepowder,powderblaze
378=magmaCream
379=brewingstand
380=cauldron,itemcauldron,cauldronitem
381=eyeOfEnder,endereye
382=speckledMelon,glisteningmelon
2256=record13,13record,record0
2257=recordcat,catrecord,record1
2258=Recordblocks,blocksRecord,record2
2259=Recordchirp,chirpRecord,record3
2260=Recordfar,farRecord,record4
2261=Recordmall,mallRecord,record5
2262=Recordmellohi,mellohiRecord,record6
2263=Recordstal,stalRecord,record7
2264=Recordstrad,stradRecord,record8
2265=Recordward,wardRecord,record9
2266=Record11,11Record,record10